// Jest Snapshot v1, https://goo.gl/fbAQLP

exports[`About component matches snapshot DOM node structure 1`] = `
<DocumentFragment>
  <section
    class="my-5"
  >
    <h1
      id="about"
    >
       About Me
    </h1>
    <img
      alt="self-portrait"
      class="my-2"
      src="self-portrait.jpg"
      style="width: 25%;"
    />
  </section>
</DocumentFragment>
`;
